[1/4] Lấy danh sách N1...
      1136 Kanji, unique=1136
[2/4] Lấy metadata KANJIDIC-derived/Hán-Việt...
[3/4] Cache trang nghĩa/từ vựng...
      Tải 1076 trang chưa có cache (tối đa 6 kết nối)...
      Đã tải 50/1076 trang chi tiết.
      Đã tải 100/1076 trang chi tiết.
      Đã tải 150/1076 trang chi tiết.
      Đã tải 200/1076 trang chi tiết.
      Đã tải 250/1076 trang chi tiết.
      Đã tải 300/1076 trang chi tiết.
      Đã tải 350/1076 trang chi tiết.
      Đã tải 400/1076 trang chi tiết.
      Đã tải 450/1076 trang chi tiết.
      Đã tải 500/1076 trang chi tiết.
      Đã tải 550/1076 trang chi tiết.
      Đã tải 600/1076 trang chi tiết.
      Đã tải 650/1076 trang chi tiết.
      Đã tải 700/1076 trang chi tiết.
      Đã tải 750/1076 trang chi tiết.
      Đã tải 800/1076 trang chi tiết.
      Đã tải 850/1076 trang chi tiết.
      Đã tải 900/1076 trang chi tiết.
      Đã tải 950/1076 trang chi tiết.
      Đã tải 1000/1076 trang chi tiết.
      Đã tải 1050/1076 trang chi tiết.
      Đã tải 1076/1076 trang chi tiết.
[4/4] Kiểm tra và dựng JSON...
[0001/1136] 結
[0002/1136] 張
[0003/1136] 保
[0004/1136] 撃
[0005/1136] 証
[0006/1136] 士
[0007/1136] 第
[0008/1136] 郎
[0009/1136] 応
[0010/1136] 護
[0011/1136] 離
[0012/1136] 藤
[0013/1136] 態
[0014/1136] 検
[0015/1136] 井
[0016/1136] 我
[0017/1136] 視
[0018/1136] 隊
[0019/1136] 統
[0020/1136] 義
[0021/1136] 案
[0022/1136] 器
[0023/1136] 僕
[0024/1136] 影
[0025/1136] 独
[0026/1136] 派
[0027/1136] 氏
[0028/1136] 監
[0029/1136] 攻
[0030/1136] 宮
[0031/1136] 佐
[0032/1136] 姿
[0033/1136] 傷
[0034/1136] 素
[0035/1136] 救
[0036/1136] 価
[0037/1136] 松
[0038/1136] 壊
[0039/1136] 弁
[0040/1136] 援
[0041/1136] 貴
[0042/1136] 崎
[0043/1136] 基
[0044/1136] 故
[0045/1136] 刑
[0046/1136] 嫌
[0047/1136] 密
[0048/1136] 裁
[0049/1136] 謝
[0050/1136] 提
[0051/1136] 衛
[0052/1136] 秘
[0053/1136] 雄
[0054/1136] 隠
[0055/1136] 異
[0056/1136] 銃
[0057/1136] 興
[0058/1136] 条
[0059/1136] 修
[0060/1136] 振
[0061/1136] 審
[0062/1136] 脱
[0063/1136] 司
[0064/1136] 沢
[0065/1136] 魔
[0066/1136] 従
[0067/1136] 激
[0068/1136] 敵
[0069/1136] 弾
[0070/1136] 響
[0071/1136] 頑
[0072/1136] 闘
[0073/1136] 授
[0074/1136] 撮
[0075/1136] 遺
[0076/1136] 策
[0077/1136] 拠
[0078/1136] 功
[0079/1136] 吉
[0080/1136] 奈
[0081/1136] 驚
[0082/1136] 整
[0083/1136] 製
[0084/1136] 織
[0085/1136] 訴
