Tải 1136 SVG còn thiếu (tối đa 6 kết nối)...
Đã xử lý 50/1136 SVG còn thiếu.
Đã xử lý 100/1136 SVG còn thiếu.
Đã xử lý 150/1136 SVG còn thiếu.
Đã xử lý 200/1136 SVG còn thiếu.
Đã xử lý 250/1136 SVG còn thiếu.
Đã xử lý 300/1136 SVG còn thiếu.
Đã xử lý 350/1136 SVG còn thiếu.
Đã xử lý 400/1136 SVG còn thiếu.
Đã xử lý 450/1136 SVG còn thiếu.
Đã xử lý 500/1136 SVG còn thiếu.
Đã xử lý 550/1136 SVG còn thiếu.
Đã xử lý 600/1136 SVG còn thiếu.
Đã xử lý 650/1136 SVG còn thiếu.
Đã xử lý 700/1136 SVG còn thiếu.
Đã xử lý 750/1136 SVG còn thiếu.
Đã xử lý 800/1136 SVG còn thiếu.
Đã xử lý 850/1136 SVG còn thiếu.
Đã xử lý 900/1136 SVG còn thiếu.
Đã xử lý 950/1136 SVG còn thiếu.
Đã xử lý 1000/1136 SVG còn thiếu.
Đã xử lý 1050/1136 SVG còn thiếu.
Đã xử lý 1100/1136 SVG còn thiếu.
Đã xử lý 1136/1136 SVG còn thiếu.

=== KanjiVG report ===
Tổng Kanji       : 1136
Tải thành công   : 1136
Đã tồn tại/skip  : 0
Thất bại         : 0
